[    0.000000] Linux version 4.15.0-163-generic (buildd@lcy01-amd64-021) (gcc version 7.5.0 (Ubuntu 7.5.0-3ubuntu1~18.04)) #171-Ubuntu SMP Fri Nov 5 11:55:11 UTC 2021 (Ubuntu 4.15.0-163.171-generic 4.15.18)
[    0.000000] Command line: BOOT_IMAGE=/boot/vmlinuz-4.15.0-163-generic root=LABEL=cloudimg-rootfs ro console=tty1 console=ttyS0
[    0.000000] KERNEL supported cpus:
[    0.000000]   Intel GenuineIntel
[    0.000000]   AMD AuthenticAMD
[    0.000000]   Centaur CentaurHauls
[    0.000000] x86/fpu: Supporting XSAVE feature 0x001: 'x87 floating point registers'
[    0.000000] x86/fpu: Supporting XSAVE feature 0x002: 'SSE registers'
[    0.000000] x86/fpu: Supporting XSAVE feature 0x004: 'AVX registers'
[    0.000000] x86/fpu: xstate_offset[2]:  576, xstate_sizes[2]:  256
[    0.000000] x86/fpu: Enabled xstate features 0x7, context size is 832 bytes, using 'standard' format.
[    0.000000] e820: BIOS-provided physical RAM map:
[    0.000000] BIOS-e820: [mem 0x0000000000000000-0x000000000009fbff] usable
[    0.000000] BIOS-e820: [mem 0x000000000009fc00-0x000000000009ffff] reserved
[    0.000000] BIOS-e820: [mem 0x00000000000f0000-0x00000000000fffff] reserved
[    0.000000] BIOS-e820: [mem 0x0000000000100000-0x000000001ffeffff] usable
[    0.000000] BIOS-e820: [mem 0x000000001fff0000-0x000000001fffffff] ACPI data
[    0.000000] BIOS-e820: [mem 0x00000000fec00000-0x00000000fec00fff] reserved
[    0.000000] BIOS-e820: [mem 0x00000000fee00000-0x00000000fee00fff] reserved
[    0.000000] BIOS-e820: [mem 0x00000000fffc0000-0x00000000ffffffff] reserved
[    0.000000] NX (Execute Disable) protection: active
[    0.000000] SMBIOS 2.5 present.
[    0.000000] DMI: innotek GmbH VirtualBox/VirtualBox, BIOS VirtualBox 12/01/2006
[    0.000000] Hypervisor detected: KVM
[    0.000000] e820: last_pfn = 0x1fff0 max_arch_pfn = 0x400000000
[    0.000000] MTRR: Disabled
[    0.000000] x86/PAT: MTRRs disabled, skipping PAT initialization too.
[    0.000000] CPU MTRRs all blank - virtualized system.
[    0.000000] x86/PAT: Configuration [0-7]: WB  WT  UC- UC  WB  WT  UC- UC  
[    0.000000] found SMP MP-table at [mem 0x0009fff0-0x0009ffff]
[    0.000000] Scanning 1 areas for low memory corruption
[    0.000000] RAMDISK: [mem 0x1db72000-0x1ee85fff]
[    0.000000] ACPI: Early table checksum verification disabled
[    0.000000] ACPI: RSDP 0x00000000000E0000 000024 (v02 VBOX  )
[    0.000000] ACPI: XSDT 0x000000001FFF0030 00003C (v01 VBOX   VBOXXSDT 00000001 ASL  00000061)
[    0.000000] ACPI: FACP 0x000000001FFF00F0 0000F4 (v04 VBOX   VBOXFACP 00000001 ASL  00000061)
[    0.000000] ACPI: DSDT 0x000000001FFF0470 002325 (v02 VBOX   VBOXBIOS 00000002 INTL 20100528)
[    0.000000] ACPI: FACS 0x000000001FFF0200 000040
[    0.000000] ACPI: FACS 0x000000001FFF0200 000040
[    0.000000] ACPI: APIC 0x000000001FFF0240 000054 (v02 VBOX   VBOXAPIC 00000001 ASL  00000061)
[    0.000000] ACPI: SSDT 0x000000001FFF02A0 0001CC (v01 VBOX   VBOXCPUT 00000002 INTL 20100528)
[    0.000000] ACPI: Reserving FACP table memory at [mem 0x1fff00f0-0x1fff01e3]
[    0.000000] ACPI: Reserving DSDT table memory at [mem 0x1fff0470-0x1fff2794]
[    0.000000] ACPI: Reserving FACS table memory at [mem 0x1fff0200-0x1fff023f]
[    0.000000] ACPI: Reserving FACS table memory at [mem 0x1fff0200-0x1fff023f]
[    0.000000] ACPI: Reserving APIC table memory at [mem 0x1fff0240-0x1fff0293]
[    0.000000] ACPI: Reserving SSDT table memory at [mem 0x1fff02a0-0x1fff046b]
[    0.000000] No NUMA configuration found
[    0.000000] Faking a node at [mem 0x0000000000000000-0x000000001ffeffff]
[    0.000000] NODE_DATA(0) allocated [mem 0x1ffc5000-0x1ffeffff]
[    0.000000] kvm-clock: cpu 0, msr 0:1ff44001, primary cpu clock
[    0.000000] kvm-clock: Using msrs 4b564d01 and 4b564d00
[    0.000000] kvm-clock: using sched offset of 4167033914 cycles
[    0.000000] clocksource: kvm-clock: mask: 0xffffffffffffffff max_cycles: 0x1cd42e4dffb, max_idle_ns: 881590591483 ns
[    0.000000] Zone ranges:
[    0.000000]   DMA      [mem 0x0000000000001000-0x0000000000ffffff]
[    0.000000]   DMA32    [mem 0x0000000001000000-0x000000001ffeffff]
[    0.000000]   Normal   empty
[    0.000000]   Device   empty
[    0.000000] Movable zone start for each node
[    0.000000] Early memory node ranges
[    0.000000]   node   0: [mem 0x0000000000001000-0x000000000009efff]
[    0.000000]   node   0: [mem 0x0000000000100000-0x000000001ffeffff]
[    0.000000] Reserved but unavailable: 104 pages
[    0.000000] Initmem setup node 0 [mem 0x0000000000001000-0x000000001ffeffff]
[    0.000000] ACPI: PM-Timer IO Port: 0x4008
[    0.000000] IOAPIC[0]: apic_id 1, version 32, address 0xfec00000, GSI 0-23
[    0.000000] ACPI: INT_SRC_OVR (bus 0 bus_irq 0 global_irq 2 dfl dfl)
[    0.000000] ACPI: INT_SRC_OVR (bus 0 bus_irq 9 global_irq 9 low level)
[    0.000000] Using ACPI (MADT) for SMP configuration information
[    0.000000] smpboot: Allowing 1 CPUs, 0 hotplug CPUs
[    0.000000] PM: Registered nosave memory: [mem 0x00000000-0x00000fff]
[    0.000000] PM: Registered nosave memory: [mem 0x0009f000-0x0009ffff]
[    0.000000] PM: Registered nosave memory: [mem 0x000a0000-0x000effff]
[    0.000000] PM: Registered nosave memory: [mem 0x000f0000-0x000fffff]
[    0.000000] e820: [mem 0x20000000-0xfebfffff] available for PCI devices
[    0.000000] Booting paravirtualized kernel on KVM
[    0.000000] clocksource: refined-jiffies: mask: 0xffffffff max_cycles: 0xffffffff, max_idle_ns: 7645519600211568 ns
[    0.000000] random: get_random_bytes called from start_kernel+0x99/0x500 with crng_init=0
[    0.000000] setup_percpu: NR_CPUS:8192 nr_cpumask_bits:1 nr_cpu_ids:1 nr_node_ids:1
[    0.000000] percpu: Embedded 45 pages/cpu s147456 r8192 d28672 u2097152
[    0.000000] PV qspinlock hash table entries: 256 (order: 0, 4096 bytes)
[    0.000000] Built 1 zonelists, mobility grouping on.  Total pages: 128889
[    0.000000] Policy zone: DMA32
[    0.000000] Kernel command line: BOOT_IMAGE=/boot/vmlinuz-4.15.0-163-generic root=LABEL=cloudimg-rootfs ro console=tty1 console=ttyS0
[    0.000000] Memory: 466784K/523832K available (12300K kernel code, 2483K rwdata, 4320K rodata, 2448K init, 2724K bss, 57048K reserved, 0K cma-reserved)
[    0.000000] SLUB: HWalign=64, Order=0-3, MinObjects=0, CPUs=1, Nodes=1
[    0.000000] ftrace: allocating 39476 entries in 155 pages
[    0.004000] Hierarchical RCU implementation.
[    0.004000] 	RCU restricting CPUs from NR_CPUS=8192 to nr_cpu_ids=1.
[    0.004000] 	Tasks RCU enabled.
[    0.004000] RCU: Adjusting geometry for rcu_fanout_leaf=16, nr_cpu_ids=1
[    0.004000] NR_IRQS: 524544, nr_irqs: 256, preallocated irqs: 16
[    0.004000] Console: colour VGA+ 80x25
[    0.004000] console [tty1] enabled
[    0.004000] console [ttyS0] enabled
[    0.004000] ACPI: Core revision 20170831
[    0.004000] ACPI: 2 ACPI AML tables successfully acquired and loaded
[    0.004000] APIC: Switch to symmetric I/O mode setup
[    0.004000] x2apic enabled
[    0.004000] Switched APIC routing to physical x2apic.
[    0.006179] ..TIMER: vector=0x30 apic1=0 pin1=2 apic2=-1 pin2=-1
[    0.008006] tsc: Detected 2304.000 MHz processor
[    0.009293] Calibrating delay loop (skipped) preset value.. 4608.00 BogoMIPS (lpj=9216000)
[    0.010194] pid_max: default: 32768 minimum: 301
[    0.012049] Security Framework initialized
[    0.013253] Yama: becoming mindful.
[    0.014376] AppArmor: AppArmor initialized
[    0.016200] Dentry cache hash table entries: 65536 (order: 7, 524288 bytes)
[    0.018571] Inode-cache hash table entries: 32768 (order: 6, 262144 bytes)
[    0.020024] Mount-cache hash table entries: 1024 (order: 1, 8192 bytes)
[    0.021884] Mountpoint-cache hash table entries: 1024 (order: 1, 8192 bytes)
[    0.024651] process: using mwait in idle threads
[    0.025876] Last level iTLB entries: 4KB 64, 2MB 8, 4MB 8
[    0.028003] Last level dTLB entries: 4KB 64, 2MB 0, 4MB 0, 1GB 4
[    0.029669] Spectre V1 : Mitigation: usercopy/swapgs barriers and __user pointer sanitization
[    0.032065] Spectre V2 : Mitigation: Full generic retpoline
[    0.034092] Spectre V2 : Spectre v2 / SpectreRSB mitigation: Filling RSB on context switch
[    0.036008] Speculative Store Bypass: Vulnerable
[    0.037568] SRBDS: Mitigation: TSX disabled
[    0.062838] Freeing SMP alternatives memory: 36K
[    0.178356] smpboot: CPU0: Intel(R) Core(TM) i7-10510U CPU @ 1.80GHz (family: 0x6, model: 0x8e, stepping: 0xc)
[    0.180000] Performance Events: unsupported p6 CPU model 142 no PMU driver, software events only.
[    0.180077] Hierarchical SRCU implementation.
[    0.185233] NMI watchdog: Perf event create on CPU 0 failed with -2
[    0.187291] NMI watchdog: Perf NMI watchdog permanently disabled
[    0.188117] smp: Bringing up secondary CPUs ...
[    0.189714] smp: Brought up 1 node, 1 CPU
[    0.190757] smpboot: Max logical packages: 1
[    0.192004] smpboot: Total of 1 processors activated (4608.00 BogoMIPS)
[    0.193672] devtmpfs: initialized
[    0.196093] x86/mm: Memory block size: 128MB
[    0.197247] evm: security.selinux
[    0.198139] evm: security.SMACK64
[    0.199149] evm: security.SMACK64EXEC
[    0.200010] evm: security.SMACK64TRANSMUTE
[    0.201257] evm: security.SMACK64MMAP
[    0.202300] evm: security.apparmor
[    0.203290] evm: security.ima
[    0.204006] evm: security.capability
[    0.205359] clocksource: jiffies: mask: 0xffffffff max_cycles: 0xffffffff, max_idle_ns: 7645041785100000 ns
[    0.208020] futex hash table entries: 256 (order: 2, 16384 bytes)
[    0.210034] pinctrl core: initialized pinctrl subsystem
[    0.212389] RTC time: 10:54:42, date: 01/23/22
[    0.214224] NET: Registered protocol family 16
[    0.216140] audit: initializing netlink subsys (disabled)
[    0.217870] cpuidle: using governor ladder
[    0.219128] cpuidle: using governor menu
[    0.220069] ACPI: bus type PCI registered
[    0.221090] acpiphp: ACPI Hot Plug PCI Controller Driver version: 0.5
[    0.222813] PCI: Using configuration type 1 for base access
[    0.224028] audit: type=2000 audit(1642935288.468:1): state=initialized audit_enabled=0 res=1
[    0.226452] HugeTLB registered 2.00 MiB page size, pre-allocated 0 pages
[    0.228421] ACPI: Added _OSI(Module Device)
[    0.229605] ACPI: Added _OSI(Processor Device)
[    0.230791] ACPI: Added _OSI(3.0 _SCP Extensions)
[    0.232010] ACPI: Added _OSI(Processor Aggregator Device)
[    0.233056] ACPI: Added _OSI(Linux-Dell-Video)
[    0.234119] ACPI: Added _OSI(Linux-Lenovo-NV-HDMI-Audio)
[    0.235172] ACPI: Added _OSI(Linux-HPI-Hybrid-Graphics)
[    0.236333] ACPI: Executed 1 blocks of module-level executable AML code
[    0.244271] ACPI: Interpreter enabled
[    0.245769] ACPI: (supports S0 S5)
[    0.246881] ACPI: Using IOAPIC for interrupt routing
[    0.248362] PCI: Using host bridge windows from ACPI; if necessary, use "pci=nocrs" and report a bug
[    0.251051] ACPI: Enabled 2 GPEs in block 00 to 07
[    0.267741] ACPI: PCI Root Bridge [PCI0] (domain 0000 [bus 00-ff])
[    0.268017] acpi PNP0A03:00: _OSC: OS supports [ASPM ClockPM Segments MSI]
[    0.272224] acpi PNP0A03:00: _OSC: not requesting OS control; OS requires [ExtendedConfig ASPM ClockPM MSI]
[    0.275135] acpi PNP0A03:00: fail to add MMCONFIG information, can't access extended PCI configuration space under this bridge.
[    0.277007] PCI host bridge to bus 0000:00
[    0.280014] pci_bus 0000:00: root bus resource [io  0x0000-0x0cf7 window]
[    0.282100] pci_bus 0000:00: root bus resource [io  0x0d00-0xffff window]
[    0.284007] pci_bus 0000:00: root bus resource [mem 0x000a0000-0x000bffff window]
[    0.285621] pci_bus 0000:00: root bus resource [mem 0x20000000-0xfdffffff window]
[    0.288010] pci_bus 0000:00: root bus resource [bus 00-ff]
[    0.293702] pci 0000:00:01.1: legacy IDE quirk: reg 0x10: [io  0x01f0-0x01f7]
[    0.295621] pci 0000:00:01.1: legacy IDE quirk: reg 0x14: [io  0x03f6]
[    0.296018] pci 0000:00:01.1: legacy IDE quirk: reg 0x18: [io  0x0170-0x0177]
[    0.300011] pci 0000:00:01.1: legacy IDE quirk: reg 0x1c: [io  0x0376]
[    0.322626] pci 0000:00:07.0: quirk: [io  0x4000-0x403f] claimed by PIIX4 ACPI
[    0.324042] pci 0000:00:07.0: quirk: [io  0x4100-0x410f] claimed by PIIX4 SMB
[    0.338910] ACPI: PCI Interrupt Link [LNKA] (IRQs 5 9 10 *11)
[    0.340368] ACPI: PCI Interrupt Link [LNKB] (IRQs 5 9 *10 11)
[    0.342215] ACPI: PCI Interrupt Link [LNKC] (IRQs 5 *9 10 11)
[    0.343474] ACPI: PCI Interrupt Link [LNKD] (IRQs 5 9 10 *11)
[    0.344480] SCSI subsystem initialized
[    0.345409] pci 0000:00:02.0: vgaarb: setting as boot VGA device
[    0.346547] pci 0000:00:02.0: vgaarb: VGA device added: decodes=io+mem,owns=io+mem,locks=none
[    0.348015] pci 0000:00:02.0: vgaarb: bridge control possible
[    0.348981] vgaarb: loaded
[    0.349794] ACPI: bus type USB registered
[    0.350633] usbcore: registered new interface driver usbfs
[    0.352018] usbcore: registered new interface driver hub
[    0.353017] usbcore: registered new device driver usb
[    0.354061] EDAC MC: Ver: 3.0.0
[    0.356510] PCI: Using ACPI for IRQ routing
[    0.359052] NetLabel: Initializing
[    0.360007] NetLabel:  domain hash size = 128
[    0.362592] NetLabel:  protocols = UNLABELED CIPSOv4 CALIPSO
[    0.364084] NetLabel:  unlabeled traffic allowed by default
[    0.368319] clocksource: Switched to clocksource kvm-clock
[    0.408594] VFS: Disk quotas dquot_6.6.0
[    0.409788] VFS: Dquot-cache hash table entries: 512 (order 0, 4096 bytes)
[    0.412446] AppArmor: AppArmor Filesystem Enabled
[    0.413895] pnp: PnP ACPI init
[    0.416743] pnp: PnP ACPI: found 3 devices
[    0.423405] clocksource: acpi_pm: mask: 0xffffff max_cycles: 0xffffff, max_idle_ns: 2085701024 ns
[    0.425770] NET: Registered protocol family 2
[    0.427028] IP idents hash table entries: 8192 (order: 4, 65536 bytes)
[    0.429269] TCP established hash table entries: 4096 (order: 3, 32768 bytes)
[    0.431096] TCP bind hash table entries: 4096 (order: 4, 65536 bytes)
[    0.432597] TCP: Hash tables configured (established 4096 bind 4096)
[    0.433817] UDP hash table entries: 256 (order: 1, 8192 bytes)
[    0.435419] UDP-Lite hash table entries: 256 (order: 1, 8192 bytes)
[    0.436476] NET: Registered protocol family 1
[    0.437247] pci 0000:00:00.0: Limiting direct PCI/PCI transfers
[    0.438106] pci 0000:00:01.0: Activating ISA DMA hang workarounds
[    0.439294] pci 0000:00:02.0: Video device with shadowed ROM at [mem 0x000c0000-0x000dffff]
[    0.440962] Unpacking initramfs...
[    1.236285] Freeing initrd memory: 19536K
[    1.237904] clocksource: tsc: mask: 0xffffffffffffffff max_cycles: 0x2135f7c97c8, max_idle_ns: 440795273205 ns
[    1.241294] platform rtc_cmos: registered platform RTC device (no PNP device found)
[    1.243789] Scanning for low memory corruption every 60 seconds
[    1.246420] Initialise system trusted keyrings
[    1.248032] Key type blacklist registered
[    1.249564] workingset: timestamp_bits=36 max_order=17 bucket_order=0
[    1.253443] zbud: loaded
[    1.255445] squashfs: version 4.0 (2009/01/31) Phillip Lougher
[    1.257606] fuse init (API version 7.26)
[    1.260138] Key type asymmetric registered
[    1.261614] Asymmetric key parser 'x509' registered
[    1.262916] Block layer SCSI generic (bsg) driver version 0.4 loaded (major 246)
[    1.264817] io scheduler noop registered
[    1.265834] io scheduler deadline registered
[    1.266854] io scheduler cfq registered (default)
[    1.268489] ACPI: AC Adapter [AC] (off-line)
[    1.269589] input: Power Button as /devices/LNXSYSTM:00/LNXPWRBN:00/input/input0
[    1.271269] ACPI: Power Button [PWRF]
[    1.272373] input: Sleep Button as /devices/LNXSYSTM:00/LNXSLPBN:00/input/input1
[    1.273965] ACPI: Sleep Button [SLPF]
[    1.276661] ACPI: Battery Slot [BAT0] (battery present)
[    1.278528] Serial: 8250/16550 driver, 32 ports, IRQ sharing enabled
[    1.301105] 00:02: ttyS0 at I/O 0x3f8 (irq = 4, base_baud = 115200) is a 16550A
[    1.303392] Linux agpgart interface v0.103
[    1.305041] loop: module loaded
[    1.306448] scsi host0: ata_piix
[    1.307402] scsi host1: ata_piix
[    1.308101] ata1: PATA max UDMA/33 cmd 0x1f0 ctl 0x3f6 bmdma 0xd000 irq 14
[    1.309490] ata2: PATA max UDMA/33 cmd 0x170 ctl 0x376 bmdma 0xd008 irq 15
[    1.312669] libphy: Fixed MDIO Bus: probed
[    1.314432] tun: Universal TUN/TAP device driver, 1.6
[    1.315496] PPP generic driver version 2.4.2
[    1.316405] ehci_hcd: USB 2.0 'Enhanced' Host Controller (EHCI) Driver
[    1.317602] ehci-pci: EHCI PCI platform driver
[    1.318365] ehci-platform: EHCI generic platform driver
[    1.319559] ohci_hcd: USB 1.1 'Open' Host Controller (OHCI) Driver
[    1.320698] ohci-pci: OHCI PCI platform driver
[    1.321747] ohci-platform: OHCI generic platform driver
[    1.322695] uhci_hcd: USB Universal Host Controller Interface driver
[    1.323787] i8042: PNP: PS/2 Controller [PNP0303:PS2K,PNP0f03:PS2M] at 0x60,0x64 irq 1,12
[    1.325743] serio: i8042 KBD port at 0x60,0x64 irq 1
[    1.326742] serio: i8042 AUX port at 0x60,0x64 irq 12
[    1.327812] mousedev: PS/2 mouse device common for all mice
[    1.329255] input: AT Translated Set 2 keyboard as /devices/platform/i8042/serio0/input/input2
[    1.331527] rtc_cmos rtc_cmos: rtc core: registered rtc_cmos as rtc0
[    1.332717] rtc_cmos rtc_cmos: alarms up to one day, 114 bytes nvram
[    1.334121] i2c /dev entries driver
[    1.334863] device-mapper: uevent: version 1.0.3
[    1.336040] device-mapper: ioctl: 4.37.0-ioctl (2017-09-20) initialised: dm-devel@redhat.com
[    1.337538] ledtrig-cpu: registered to indicate activity on CPUs
[    1.339113] intel_pmc_core:  initialized
[    1.341234] NET: Registered protocol family 10
[    1.350068] Segment Routing with IPv6
[    1.351701] NET: Registered protocol family 17
[    1.353674] Key type dns_resolver registered
[    1.355592] mce: Using 0 MCE banks
[    1.357223] RAS: Correctable Errors collector initialized.
[    1.359898] sched_clock: Marking stable (1357104772, 0)->(1659833119, -302728347)
[    1.363848] registered taskstats version 1
[    1.365515] Loading compiled-in X.509 certificates
[    1.369785] Loaded X.509 cert 'Build time autogenerated kernel key: f60a4c8d126e94dbf36c5faa43fb49029eeea9a9'
[    1.372761] Loaded X.509 cert 'Canonical Ltd. Live Patch Signing: 14df34d1a87cf37625abec039ef2bf521249b969'
[    1.376352] Loaded X.509 cert 'Canonical Ltd. Kernel Module Signing: 88f752e560a1e0737e31163a466ad7b70a850c19'
[    1.378958] zswap: loaded using pool lzo/zbud
[    1.384666] Key type big_key registered
[    1.385939] Key type trusted registered
[    1.388604] Key type encrypted registered
[    1.389721] AppArmor: AppArmor sha1 policy hashing enabled
[    1.391333] ima: No TPM chip found, activating TPM-bypass! (rc=-19)
[    1.393085] ima: Allocated hash algorithm: sha1
[    1.394309] evm: HMAC attrs: 0x1
[    1.395587]   Magic number: 6:647:932
[    1.396858] rtc_cmos rtc_cmos: setting system clock to 2022-01-23 10:54:43 UTC (1642935283)
[    1.398633] BIOS EDD facility v0.16 2004-Jun-25, 0 devices found
[    1.400097] EDD information not available.
[    1.503318] Freeing unused kernel image memory: 2448K
[    1.512298] Write protecting the kernel read-only data: 20480k
[    1.515588] Freeing unused kernel image memory: 2008K
[    1.518462] Freeing unused kernel image memory: 1824K
[    1.539684] x86/mm: Checked W+X mappings: passed, no W+X pages found.
Loading, please wait...
starting version 237
[    1.653090] e1000: Intel(R) PRO/1000 Network Driver - version 7.3.21-k8-NAPI
[    1.654457] e1000: Copyright (c) 1999-2006 Intel Corporation.
[    1.660983] Fusion MPT base driver 3.04.20
[    1.661996] Copyright (c) 1999-2008 LSI Corporation
[    1.698257] Fusion MPT SPI Host driver 3.04.20
[    1.721859] AVX2 version of gcm_enc/dec engaged.
[    1.723928] AES CTR mode by8 optimization enabled
[    1.871582] input: ImExPS/2 Generic Explorer Mouse as /devices/platform/i8042/serio1/input/input4
[    2.219082] e1000 0000:00:03.0 eth0: (PCI:33MHz:32-bit) 02:29:e0:c3:be:94
[    2.221740] e1000 0000:00:03.0 eth0: Intel(R) PRO/1000 Network Connection
[    2.226126] mptbase: ioc0: Initiating bringup
[    2.324751] ioc0: LSI53C1030 A0: Capabilities={Initiator}
[    2.573600] scsi host2: ioc0: LSI53C1030 A0, FwRev=00000000h, Ports=1, MaxQ=256, IRQ=20
[    2.748591] scsi 2:0:0:0: Direct-Access     VBOX     HARDDISK         1.0  PQ: 0 ANSI: 5
[    2.750768] scsi target2:0:0: Beginning Domain Validation
[    2.754862] random: fast init done
[    2.756483] scsi target2:0:0: Domain Validation skipping write tests
[    2.757998] scsi target2:0:0: Ending Domain Validation
[    2.759415] scsi target2:0:0: asynchronous
[    2.763922] scsi 2:0:1:0: Direct-Access     VBOX     HARDDISK         1.0  PQ: 0 ANSI: 5
[    2.765984] scsi target2:0:1: Beginning Domain Validation
[    2.769434] scsi target2:0:1: Domain Validation skipping write tests
[    2.770836] scsi target2:0:1: Ending Domain Validation
[    2.771953] scsi target2:0:1: asynchronous
[    2.782525] random: systemd-udevd: uninitialized urandom read (16 bytes read)
[    2.784364] random: systemd-udevd: uninitialized urandom read (16 bytes read)
[    2.785801] random: systemd-udevd: uninitialized urandom read (16 bytes read)
[    2.787329] sd 2:0:0:0: Attached scsi generic sg0 type 0
[    2.788882] sd 2:0:0:0: [sda] 83886080 512-byte logical blocks: (42.9 GB/40.0 GiB)
[    2.795911] sd 2:0:0:0: [sda] Write Protect is off
[    2.798382] sd 2:0:1:0: [sdb] 20480 512-byte logical blocks: (10.5 MB/10.0 MiB)
[    2.801044] sd 2:0:0:0: [sda] Incomplete mode parameter data
[    2.802647] sd 2:0:0:0: [sda] Assuming drive cache: write through
[    2.804358] sd 2:0:1:0: [sdb] Write Protect is off
[    2.805495] sd 2:0:1:0: Attached scsi generic sg1 type 0
[    2.813604] sd 2:0:1:0: [sdb] Incomplete mode parameter data
[    2.815717] sd 2:0:1:0: [sdb] Assuming drive cache: write through
[    2.818664]  sda: sda1
[    2.819809] sd 2:0:0:0: [sda] Attached SCSI disk
[    2.821070] sd 2:0:1:0: [sdb] Attached SCSI disk
[    3.300404] e1000 0000:00:08.0 eth1: (PCI:33MHz:32-bit) 08:00:27:a6:ae:f3
[    3.303203] e1000 0000:00:08.0 eth1: Intel(R) PRO/1000 Network Connection
[    3.308864] e1000 0000:00:08.0 enp0s8: renamed from eth1
[    3.319057] e1000 0000:00:03.0 enp0s3: renamed from eth0
Begin: Loading essential drivers ... [    5.152096] raid6: sse2x1   gen()  5084 MB/s
[    5.200094] raid6: sse2x1   xor()  2286 MB/s
[    5.248080] raid6: sse2x2   gen()  6520 MB/s
[    5.296056] raid6: sse2x2   xor()  6937 MB/s
[    5.344175] raid6: sse2x4   gen()  8482 MB/s
[    5.392084] raid6: sse2x4   xor()  3395 MB/s
[    5.440055] raid6: avx2x1   gen()  7411 MB/s
[    5.488079] raid6: avx2x1   xor()  4851 MB/s
[    5.536078] raid6: avx2x2   gen()  9714 MB/s
[    5.584097] raid6: avx2x2   xor()  6210 MB/s
[    5.632143] raid6: avx2x4   gen()  9189 MB/s
[    5.680235] raid6: avx2x4   xor()  4546 MB/s
[    5.682293] raid6: using algorithm avx2x2 gen() 9714 MB/s
[    5.683844] raid6: .... xor() 6210 MB/s, rmw enabled
[    5.685857] raid6: using avx2x2 recovery algorithm
[    5.689775] xor: automatically using best checksumming function   avx       
[    5.699792] async_tx: api initialized (async)
done.
Begin: Running /scripts/init-premount ... done.
Begin: Mounting root file system ... Begin: Running /scripts/local-top ... done.
Begin: Running /scripts/local-premount ... [    5.842831] Btrfs loaded, crc32c=crc32c-intel
Scanning for Btrfs filesystems
done.
Warning: fsck not present, so skipping root file system
[    5.937055] EXT4-fs (sda1): mounted filesystem with ordered data mode. Opts: (null)
done.
Begin: Running /scripts/local-bottom ... done.
Begin: Running /scripts/init-bottom ... done.
[    6.313429] ip_tables: (C) 2000-2006 Netfilter Core Team
[    6.338059] systemd[1]: systemd 237 running in system mode. (+PAM +AUDIT +SELINUX +IMA +APPARMOR +SMACK +SYSVINIT +UTMP +LIBCRYPTSETUP +GCRYPT +GNUTLS +ACL +XZ +LZ4 +SECCOMP +BLKID +ELFUTILS +KMOD -IDN2 +IDN -PCRE2 default-hierarchy=hybrid)
[    6.353133] systemd[1]: Detected virtualization oracle.
[    6.356038] systemd[1]: Detected architecture x86-64.

Welcome to [1mUbuntu 18.04.6 LTS[0m!

[    6.381259] systemd[1]: Set hostname to <ubuntu>.
[    6.387569] systemd[1]: Initializing machine ID from random generator.
[    6.389455] systemd[1]: Installed transient /etc/machine-id file.
[    6.772515] systemd[1]: Started Forward Password Requests to Wall Directory Watch.
[[0;32m  OK  [0m] Started Forward Password Requests to Wall Directory Watch.
[    6.774757] systemd[1]: Reached target Swap.
[[0;32m  OK  [0m] Reached target Swap.
[    6.775901] systemd[1]: Reached target User and Group Name Lookups.
[[0;32m  OK  [0m] Reached target User and Group Name Lookups.
[    6.777903] systemd[1]: Created slice User and Session Slice.
[[0;32m  OK  [0m] Created slice User and Session Slice.
[[0;32m  OK  [0m] Created slice System Slice.
[[0;32m  OK  [0m] Listening on Network Service Netlink Socket.
[[0;32m  OK  [0m] Listening on /dev/initctl Compatibility Named Pipe.
[[0;32m  OK  [0m] Listening on Journal Audit Socket.
[[0;32m  OK  [0m] Listening on LVM2 poll daemon socket.
[[0;32m  OK  [0m] Listening on Syslog Socket.
[[0;32m  OK  [0m] Listening on Device-mapper event daemon FIFOs.
[[0;32m  OK  [0m] Reached target Slices.
[[0;32m  OK  [0m] Listening on fsck to fsckd communication Socket.
[[0;32m  OK  [0m] Listening on Journal Socket.
         Starting Load Kernel Modules...
         Mounting POSIX Message Queue File System...
         Mounting Kernel Debug File System...
         Starting Create list of required stâ€¦ce nodes for the current kernel...
[    6.802197] Loading iSCSI transport class v2.0-870.
         Starting Set the console keyboard layout...
         Starting Uncomplicated firewall...
         Starting File System Check on Root Device...
[    6.814440] iscsi: registered transport (tcp)
         Mounting Huge Pages File System...
[[0;32m  OK  [0m] Listening on LVM2 metadata daemon socket.
         Starting Monitoring of LVM2 mirrorsâ€¦ng dmeventd or progress polling...
[[0;32m  OK  [0m] Listening on Journal Socket (/dev/log).
[[0;32m  OK  [0m] Set up automount Arbitrary Executabâ€¦rmats File System Automount Point.
[[0;32m  OK  [0m] Created slice system-serial\x2dgetty.slice.
[[0;32m  OK  [0m] Listening on udev Kernel Socket.
[[0;32m  OK  [0m] Reached target System Time Synchronized.
         Starting Journal Service...
[[0;32m  OK  [0m] Listening on udev Control Socket.
[    6.934514] iscsi: registered transport (iser)
         Starting udev Coldplug all Devices...
[[0;32m  OK  [0m] Started Load Kernel Modules.
[[0;32m  OK  [0m] Mounted POSIX Message Queue File System.
[[0;32m  OK  [0m] Mounted Kernel Debug File System.
[[0;32m  OK  [0m] Started Create list of required staâ€¦vice nodes for the current kernel.
[[0;32m  OK  [0m] Started Uncomplicated firewall.
[[0;32m  OK  [0m] Mounted Huge Pages File System.
[[0;32m  OK  [0m] Started LVM2 metadata daemon.
[[0;32m  OK  [0m] Started File System Check Daemon to report status.
         Starting Create Static Device Nodes in /dev...
         Starting Apply Kernel Variables...
         Mounting Kernel Configuration File System...
         Mounting FUSE Control File System...
[[0;32m  OK  [0m] Started File System Check on Root Device.
[[0;32m  OK  [0m] Mounted Kernel Configuration File System.
         Starting Remount Root and Kernel File Systems...
[[0;32m  OK  [0m] Mounted FUSE Control File System.
[[0;32m  OK  [0m] Started Create Static Device Nodes in /dev.
[[0;32m  OK  [0m] Started Remount Root and Kernel File Systems.
[[0;32m  OK  [0m] Started Journal Service.
         Starting udev Kernel Device Manager...
         Starting Flush Journal to Persistent Storage...
         Starting Load/Save Random Seed...
[[0;32m  OK  [0m] Started Monitoring of LVM2 mirrors,â€¦sing dmeventd or progress polling.
[[0;32m  OK  [0m] Started Apply Kernel Variables.
[[0;32m  OK  [0m] Started udev Kernel Device Manager.
[[0;32m  OK  [0m] Started Load/Save Random Seed.
[[0;32m  OK  [0m] Started Flush Journal to Persistent Storage.
[[0;32m  OK  [0m] Started udev Coldplug all Devices.
[[0;32m  OK  [0m] Found device /dev/ttyS0.
[[0;32m  OK  [0m] Listening on Load/Save RF Kill Switch Status /dev/rfkill Watch.
[[0;32m  OK  [0m] Started Set the console keyboard layout.
[[0;32m  OK  [0m] Started Dispatch Password Requests to Console Directory Watch.
[[0;32m  OK  [0m] Reached target Local Encrypted Volumes.
[[0;32m  OK  [0m] Reached target Local File Systems (Pre).
[[0;32m  OK  [0m] Reached target Local File Systems.
         Starting AppArmor initialization...
         Starting Commit a transient machine-id on disk...
         Starting Tell Plymouth To Write Out Runtime Data...
         Starting Create Volatile Files and Directories...
         Starting ebtables ruleset management...
         Starting Set console font and keymap...
[[0;32m  OK  [0m] Started Tell Plymouth To Write Out Runtime Data.
[[0;32m  OK  [0m] Started Create Volatile Files and Directories.
         Starting Update UTMP about System Boot/Shutdown...
[[0;32m  OK  [0m] Started Update UTMP about System Boot/Shutdown.
[[0;32m  OK  [0m] Started Commit a transient machine-id on disk.
[[0;32m  OK  [0m] Started ebtables ruleset management.
[[0;32m  OK  [0m] Started AppArmor initialization.
         Starting Load AppArmor profiles managed internally by snapd...
         Starting Initial cloud-init job (pre-networking)...
[[0;32m  OK  [0m] Started Load AppArmor profiles managed internally by snapd.
[[0;32m  OK  [0m] Started Set console font and keymap.
[   14.745993] cloud-init[762]: Cloud-init v. 21.4-0ubuntu1~18.04.1 running 'init-local' at Sun, 23 Jan 2022 10:54:56 +0000. Up 14.18 seconds.
[[0;32m  OK  [0m] Started Initial cloud-init job (pre-networking).
[[0;32m  OK  [0m] Reached target Network (Pre).
         Starting Network Service...
[[0;32m  OK  [0m] Started Network Service.
         Starting Wait for Network to be Configured...
         Starting Network Name Resolution...
[[0;32m  OK  [0m] Started Network Name Resolution.
[[0;32m  OK  [0m] Reached target Host and Network Name Lookups.
[[0;32m  OK  [0m] Reached target Network.
[[0;32m  OK  [0m] Started Wait for Network to be Configured.
         Starting Initial cloud-init job (metadata service crawler)...
[   17.204801] cloud-init[866]: Cloud-init v. 21.4-0ubuntu1~18.04.1 running 'init' at Sun, 23 Jan 2022 10:54:59 +0000. Up 16.92 seconds.
[   17.214213] cloud-init[866]: ci-info: ++++++++++++++++++++++++++++++++++++++Net device info+++++++++++++++++++++++++++++++++++++++
[   17.216388] cloud-init[866]: ci-info: +--------+-------+----------------------------+---------------+--------+-------------------+
[   17.218734] cloud-init[866]: ci-info: | Device |   Up  |          Address           |      Mask     | Scope  |     Hw-Address    |
[   17.224495] cloud-init[866]: ci-info: +--------+-------+----------------------------+---------------+--------+-------------------+
[   17.226363] cloud-init[866]: ci-info: | enp0s3 |  True |         10.0.2.15          | 255.255.255.0 | global | 02:29:e0:c3:be:94 |
[   17.240323] cloud-init[866]: ci-info: | enp0s3 |  True | fe80::29:e0ff:fec3:be94/64 |       .       |  link  | 02:29:e0:c3:be:94 |
[   17.252338] cloud-init[866]: ci-info: | enp0s8 | False |             .              |       .       |   .    | 08:00:27:a6:ae:f3 |
[   17.254451] cloud-init[866]: ci-info: |   lo   |  True |         127.0.0.1          |   255.0.0.0   |  host  |         .         |
[   17.258407] cloud-init[866]: ci-info: |   lo   |  True |          ::1/128           |       .       |  host  |         .         |
[   17.260375] cloud-init[866]: ci-info: +--------+-------+----------------------------+---------------+--------+-------------------+
[   17.264211] cloud-init[866]: ci-info: ++++++++++++++++++++++++++++Route IPv4 info+++++++++++++++++++++++++++++
[   17.266869] cloud-init[866]: ci-info: +-------+-------------+----------+-----------------+-----------+-------+
[   17.272355] cloud-init[866]: ci-info: | Route | Destination | Gateway  |     Genmask     | Interface | Flags |
[   17.274847] cloud-init[866]: ci-info: +-------+-------------+----------+-----------------+-----------+-------+
[   17.277636] cloud-init[866]: ci-info: |   0   |   0.0.0.0   | 10.0.2.2 |     0.0.0.0     |   enp0s3  |   UG  |
[   17.288479] cloud-init[866]: ci-info: |   1   |   10.0.2.0  | 0.0.0.0  |  255.255.255.0  |   enp0s3  |   U   |
[   17.290129] cloud-init[866]: ci-info: |   2   |   10.0.2.2  | 0.0.0.0  | 255.255.255.255 |   enp0s3  |   UH  |
[   17.300362] cloud-init[866]: ci-info: +-------+-------------+----------+-----------------+-----------+-------+
[   17.302678] cloud-init[866]: ci-info: +++++++++++++++++++Route IPv6 info+++++++++++++++++++
[   17.304438] cloud-init[866]: ci-info: +-------+-------------+---------+-----------+-------+
[   17.307495] cloud-init[866]: ci-info: | Route | Destination | Gateway | Interface | Flags |
[   17.320313] cloud-init[866]: ci-info: +-------+-------------+---------+-----------+-------+
[   17.332299] cloud-init[866]: ci-info: |   1   |  fe80::/64  |    ::   |   enp0s3  |   U   |
[   17.333641] cloud-init[866]: ci-info: |   3   |    local    |    ::   |   enp0s3  |   U   |
[   17.344400] cloud-init[866]: ci-info: |   4   |   ff00::/8  |    ::   |   enp0s3  |   U   |
[   17.356580] cloud-init[866]: ci-info: +-------+-------------+---------+-----------+-------+
[   18.242729] cloud-init[866]: Generating public/private rsa key pair.
[   18.243257] cloud-init[866]: Your identification has been saved in /etc/ssh/ssh_host_rsa_key.
[   18.252217] cloud-init[866]: Your public key has been saved in /etc/ssh/ssh_host_rsa_key.pub.
[   18.252859] cloud-init[866]: The key fingerprint is:
[   18.253281] cloud-init[866]: SHA256:RpelpVDEmRDBx2EVQnmOWBMZ6M48C7rXGohI2CrNXfQ root@ubuntu-bionic
[   18.253909] cloud-init[866]: The key's randomart image is:
[   18.254273] cloud-init[866]: +---[RSA 2048]----+
[   18.254653] cloud-init[866]: |       .=@XX=.   |
[   18.255004] cloud-init[866]: |        oo@B.    |
[   18.255339] cloud-init[866]: |      ...+==     |
[   18.264219] cloud-init[866]: |..   . oo.. .    |
[   18.264988] cloud-init[866]: |...   .+E        |
[   18.265516] cloud-init[866]: |.= o o..=        |
[   18.265999] cloud-init[866]: |+ + o..o o       |
[   18.276248] cloud-init[866]: |.   . ..o        |
[   18.276952] cloud-init[866]: |    .o..         |
[   18.288811] cloud-init[866]: +----[SHA256]-----+
[   18.289546] cloud-init[866]: Generating public/private dsa key pair.
[   18.290328] cloud-init[866]: Your identification has been saved in /etc/ssh/ssh_host_dsa_key.
[   18.291249] cloud-init[866]: Your public key has been saved in /etc/ssh/ssh_host_dsa_key.pub.
[   18.296218] cloud-init[866]: The key fingerprint is:
[   18.296842] cloud-init[866]: SHA256:UcRuz0jqVvsdyMSOXwUbhPstXA9D/XhRMge0tpYouTg root@ubuntu-bionic
[   18.297740] cloud-init[866]: The key's randomart image is:
[   18.298524] cloud-init[866]: +---[DSA 1024]----+
[   18.299370] cloud-init[866]: |         oo  o*o+|
[   18.316447] cloud-init[866]: |         .. ...*.|
[[0;32m  OK  [0m] Started Initial cloud-init job (metadata service crawler).
[[0;32m  OK  [0m[   18.331424] cloud-init[866]: |        ..   o=.o|
[   18.332715] cloud-init[866]: |         .+o.o+*+|
[   18.333421] cloud-init[866]: |        S+o++o=*o|
[   18.333922] cloud-init[866]: |        ..oBoo+.o|
[   18.335170] cloud-init[866]: |       .E.o.+ o. |
[   18.335911] cloud-init] Reached target Cloud-config availability.
[[0;32m  OK  [0m] Reached target System Initialization.
[[0;32m  OK  [0m] Started Discard unused blocks once a week.
         Starting Socket activation for snappy daemon.
         Starting LXD - unix socket.
[[0;32m  OK  [0m] Listening on ACPID Listen Socket.
[[0;32m  OK  [0m] Started Ubuntu Advantage Timer for running repeated jobs.
[[0;32m  OK  [0m] Started Trigger to poll for Ubuntu â€¦(Only enabled on GCP LTS non-pro).
[[0;32m  OK  [0m] Started Daily Cleanup of Temporary Directories.
[[0;32m  OK  [0m] Listening on UUID daemon activation socket.
[[0;32m  OK  [0m] Listening on cloud-init hotplug hook socket.
[[0;32m  OK  [0m] Listening on Open-iSCSI iscsid Socket.
[866]: |        o... o . |
[   18.355133] cloud-init[866]: |       .   .o .  |
[   18.355583] cloud-init[866]: +----[SHA256]-----+
[[0;32m  OK  [0m] Started ACPI Events Check.
[[0;32m  OK  [0m] Started Message of the Day.
[[0;32m  OK  [0m] Listening on D-Bus System Message Bus Socket.
[[0;32m  OK  [0m] Started Daily apt download activities.
[[0;32m  OK  [0m] Started Daily apt upgrade and clean activities.
[[0;32m  OK  [0m] Reached target Timers.
[[0;32m  OK  [0m] Reached target Paths.
[[0;32m  OK  [0m] Reached target Network is Online.
[   18.356455] cloud-init[866]: Generating public/private ecdsa key pair.
         Starting Availability of block devices...
[[0;32m  OK  [0m] Reached target Remote File Systems (Pre).
[[0;32m  OK  [0m] Reached target Remote File Systems.
[[0;32m  OK  [0m] Listening on Socket activation for snappy daemon.
[[0;32m  OK  [0m] Listening on LXD - unix socket.
[[0;32m  OK  [0m] Reached target Sockets.
[[0;32m  OK  [0m] Reached target Basic System.
[   18.388304] cloud-init[866]: Your identification has been saved in /etc/ssh/ssh_host_ecdsa_key.
[   18.389025] cloud-init[866]: Your public key has been saved in /etc/ssh/ssh_host_ecdsa_key.pub.
[   18.390160] cloud-init[866]: The key fingerprint is:
[   18.390990] cloud-init[866]: SHA256:mDBbCrlro5Caaky2arPNmvZkAppHTMhSvtlofOEcp0c root@ubuntu-bionic
         Starting Virtualbox guest utils...
         Starting LSB: Record successful boot for GRUB...
[   18.396342]          Starting Accounts Service...
[[0;32m  OK  [0m] Started D-Bus System Message Bus.
cloud-init[866]: The key's randomart image is:
[   18.416215] cloud-init[866]: +---[ECDSA 256]---+
[   18.419043] cloud-init[866]: |  .              |
[   18.420544] cloud-init[866]: |.+ .             |
[   18.424764] cloud-init[866]: |o.= = E          |
[   18.426622] cloud-init[866]: |.+ X % o         |
[   18.430109] cloud-init[866]: |. X O + S        |
[   18.433872] cloud-init[866]: |oB o .           |
[   18.436877] cloud-init[866]: |O.*o             |
[   18.438871] cloud-init[866]: |o%B.             |
[   18.440182] cloud-init[866]: |%+=+             |
         Starting Dispatcher daemon for systemd-networkd...
[[0;32m  OK  [0m] Started Deferred execution scheduler.
[[0;32m  OK  [0m] Started FUSE filesystem for LXC.
         [   18.449693] cloud-init[866]: +----[SHA256]-----+
Starting Permit User Sessions...
         Starting LSB: automatic crash report generation...
         Starting System Logging Service...
         Starting LXD - container startup/shutdown...
[   18.464931] cloud-init[866]: Generating public/private ed25519 key pair.
[   18.465646] cloud-init[866]: Your identification has been saved in /etc/ssh/ssh_host_ed25519_key.
[   18.466564] cloud-init[866]: Your public key has been saved in /etc/ssh/ssh_host_ed25519_key.pub.
[   18.476202] cloud-init[866]: The key fingerprint is:
[   18.477047] cloud-init[866]: SHA256:tPJxTxrujhhz2g12uh0Misc5y9Te6ZUzAJR46EUYcVA root@ubuntu-bionic
[   18.479604] cloud-init[866]: The key's randomart image is:
[   18.484503] cloud-init[866]: +--[ED25519 256]--+
[   18.486871] cloud-init[866]: |      +XE.       |
[   18.490108] cloud-init[866]: |      +o+        |
[   18.496266] cloud-init[866]: |     . oo        |
[   18.499032] cloud-init[866]: |      .. o       |
[   18.499983] cloud-init[866]: |      . S + .    |
[   18.501194] cloud-init[866]: |     o * * * .   |
[[0;32m  OK  [0m] Started Regular background program processing daemon.
[   18.505614] cloud-init[866]: |    . X * * *    |
[   18.507218] cloud-init[866]: |     + % X + o   |
[   18.512307] cloud-init[866]: |      = *+O      |
[   18.515297] cloud-init[866]: +----[SHA256]-----+
         Starting Pollinate to seed the pseudo random number generator...
[[0;32m  OK  [0m] Started irqbalance daemon.
         Starting Login Service...
         Starting Snap Daemon...
[[0;32m  OK  [0m] Started System Logging Service.
[[0;32m  OK  [0m] Started Availability of block devices.
[[0;32m  OK  [0m] Started Permit User Sessions.
[[0;32m  OK  [0m] Started Login Service.
[[0;32m  OK  [0m] Started Unattended Upgrades Shutdown.
         Starting Authorization Manager...
         Starting Terminate Plymouth Boot Screen...
         Starting Hold until boot process finishes up...
[[0;32m  OK  [0m] Started Hold until boot process finishes up.
         Starting Set console scheme...
[[0;32m  OK  [0m] Started Serial Getty on ttyS0.
[[0;32m  OK  [0m] Started Terminate Plymouth Boot Screen.
[[0;32m  OK  [0m] Started LSB: automatic crash report generation.
[[0;32m  OK  [0m] Started Set console scheme.
[[0;32m  OK  [0m] Created slice system-getty.slice.
[[0;32m  OK  [0m] Started Getty on tty1.
[[0;32m  OK  [0m] Reached target Login Prompts.
[[0;32m  OK  [0m] Started LSB: Record successful boot for GRUB.
[[0;32m  OK  [0m] Started Authorization Manager.
[[0;32m  OK  [0m] Started Accounts Service.
[[0;32m  OK  [0m] Started LXD - container startup/shutdown.
[[0;32m  OK  [0m] Started Virtualbox guest utils.
[[0;32m  OK  [0m] Started Dispatcher daemon for systemd-networkd.
[[0;32m  OK  [0m] Started Snap Daemon.
         Starting Wait until snapd is fully seeded...
[[0;32m  OK  [0m] Started Pollinate to seed the pseudo random number generator.
         Starting OpenBSD Secure Shell server...
[[0;32m  OK  [0m] Started OpenBSD Secure Shell server.
[[0;32m  OK  [0m] Created slice User Slice of vagrant.
         Starting User Manager for UID 1000...
[[0;32m  OK  [0m] Started Session 1 of user vagrant.
[[0;32m  OK  [0m] Started User Manager for UID 1000.

Ubuntu 18.04.6 LTS ubuntu-bionic ttyS0

ubuntu-bionic login: [   27.226797] cloud-init[1511]: Cloud-init v. 21.4-0ubuntu1~18.04.1 running 'modules:config' at Sun, 23 Jan 2022 10:55:08 +0000. Up 26.63 seconds.
ci-info: no authorized SSH keys fingerprints found for user ubuntu.
<14>Jan 23 10:55:10 cloud-init: #############################################################
<14>Jan 23 10:55:10 cloud-init: -----BEGIN SSH HOST KEY FINGERPRINTS-----
<14>Jan 23 10:55:10 cloud-init: 1024 SHA256:UcRuz0jqVvsdyMSOXwUbhPstXA9D/XhRMge0tpYouTg root@ubuntu-bionic (DSA)
<14>Jan 23 10:55:10 cloud-init: 256 SHA256:mDBbCrlro5Caaky2arPNmvZkAppHTMhSvtlofOEcp0c root@ubuntu-bionic (ECDSA)
<14>Jan 23 10:55:10 cloud-init: 256 SHA256:tPJxTxrujhhz2g12uh0Misc5y9Te6ZUzAJR46EUYcVA root@ubuntu-bionic (ED25519)
<14>Jan 23 10:55:10 cloud-init: 2048 SHA256:RpelpVDEmRDBx2EVQnmOWBMZ6M48C7rXGohI2CrNXfQ root@ubuntu-bionic (RSA)
<14>Jan 23 10:55:10 cloud-init: -----END SSH HOST KEY FINGERPRINTS-----
<14>Jan 23 10:55:10 cloud-init: #############################################################
-----BEGIN SSH HOST KEY KEYS-----
ecdsa-sha2-nistp256 AAAAE2VjZHNhLXNoYTItbmlzdHAyNTYAAAAIbmlzdHAyNTYAAABBBJGDc7AcTQbMYSaIp7henFLwN1rfn+dYADNG2mj3hVj/LyRJyNKz0DU/y6sVBz1Rv9DxpXO27orvWGOiUArKIbE= root@ubuntu-bionic
ssh-ed25519 AAAAC3NzaC1lZDI1NTE5AAAAIJpEaiv/KTDaHqN6Sbugiq4y0iLkI9nzyzvHOy+fx1dU root@ubuntu-bionic
ssh-rsa AAAAB3NzaC1yc2EAAAADAQABAAABAQC71WoBEr1QhkZXh5EDSAeZ+2KckJONXeCOclpWuSzfKxHEK11amDp7y2UAdOCT68xnUomayrDqmwhIK4f05+2P9W9tzKsfseuWHKPn/OZtKq5H5el5cJ1+N42klpz+L8LvCtvUw0RFSywXsyCev9fGe4KbSiWYEp3d//S8NoYHlyKXxqvTRO3QZ5nc8yvRdYmySEV9WjYqhinY/MMkZkNTc7As6EMkOd+UAbEWdBQE/269OGLy31nSldpbR7qYE7id5MuOv3RvgPc7a13wuui7XUQm6R5icTPl0A67QMPpcE+YUU1/A6ecIi5Pw0ZbXVpNTBRRS8eXQd/nYaPjA5c1 root@ubuntu-bionic
-----END SSH HOST KEY KEYS-----
[   27.963075] cloud-init[1661]: Cloud-init v. 21.4-0ubuntu1~18.04.1 running 'modules:final' at Sun, 23 Jan 2022 10:55:09 +0000. Up 27.75 seconds.
[   27.964466] cloud-init[1661]: ci-info: no authorized SSH keys fingerprints found for user ubuntu.
[   27.968100] cloud-init[1661]: Cloud-init v. 21.4-0ubuntu1~18.04.1 finished at Sun, 23 Jan 2022 10:55:10 +0000. Datasource DataSourceNoCloud [seed=/dev/sdb][dsmode=net].  Up 27.94 seconds
